// Jest Snapshot v1, https://goo.gl/fbAQLP

exports[`<Board /> renders a list of buttons 1`] = `
.c1 {
  -webkit-align-items: stretch;
  -webkit-box-align: stretch;
  -ms-flex-align: stretch;
  align-items: stretch;
  background-color: #363636;
  border: 1px solid rgba(0,0,0,0.8);
  color: rgba(255,255,255,0.95);
  cursor: pointer;
  display: -webkit-box;
  display: -webkit-flex;
  display: -ms-flexbox;
  display: flex;
  -webkit-flex-direction: column;
  -ms-flex-direction: column;
  flex-direction: column;
  height: 23%;
  -webkit-box-pack: justify;
  -webkit-justify-content: space-between;
  -ms-flex-pack: justify;
  justify-content: space-between;
  -webkit-transition: background 0.3s ease-in-out;
  transition: background 0.3s ease-in-out;
  width: 23%;
}

.c4 {
  -webkit-align-items: stretch;
  -webkit-box-align: stretch;
  -ms-flex-align: stretch;
  align-items: stretch;
  background-color: #fff;
  border: 1px solid rgba(0,0,0,0.8);
  color: rgba(255,255,255,0.95);
  cursor: pointer;
  display: -webkit-box;
  display: -webkit-flex;
  display: -ms-flexbox;
  display: flex;
  -webkit-flex-direction: column;
  -ms-flex-direction: column;
  flex-direction: column;
  height: 23%;
  -webkit-box-pack: justify;
  -webkit-justify-content: space-between;
  -ms-flex-pack: justify;
  justify-content: space-between;
  -webkit-transition: background 0.3s ease-in-out;
  transition: background 0.3s ease-in-out;
  width: 23%;
}

.c2 {
  font-size: 2.5rem;
}

.c3 {
  font-size: 0.825rem;
}

.c0 {
  -webkit-align-items: center;
  -webkit-box-align: center;
  -ms-flex-align: center;
  align-items: center;
  display: -webkit-box;
  display: -webkit-flex;
  display: -ms-flexbox;
  display: flex;
  -webkit-flex-wrap: wrap;
  -ms-flex-wrap: wrap;
  flex-wrap: wrap;
  height: 20rem;
  -webkit-box-pack: space-around;
  -webkit-justify-content: space-around;
  -ms-flex-pack: space-around;
  justify-content: space-around;
  margin-bottom: 1rem;
  width: 20rem;
}

@media (min-width:420px) {
  .c0 {
    height: 25rem;
    width: 25rem;
  }
}

<div
  class="c0"
>
  <button
    class="c1"
    type="button"
  >
    <div
      class="c2"
    >
      3
    </div>
    <div
      class="c3"
    >
      5
    </div>
  </button>
  <button
    class="c4"
    type="button"
  />
  <button
    class="c1"
    type="button"
  >
    <div
      class="c2"
    />
    <div
      class="c3"
    >
      5
    </div>
  </button>
</div>
`;
