// Jest Snapshot v1, https://goo.gl/fbAQLP

exports[`<Splash /> matches snapshot 1`] = `
.c0 {
  font-size: 1.25rem;
  font-weight: 300;
  line-height: 1.25;
  margin-bottom: 1rem;
  text-align: center;
}

.c0 p {
  margin: 0 0 1rem;
}

.c2 {
  border: 1px solid #363636;
  padding: 2px 5px;
}

.c1 {
  background-color: #363636;
  color: #fff;
  padding: 2px 5px;
}

<div
  class="c0"
>
  <p>
    Collect points by clicking on the 
    <strong
      class="c1"
    >
      black
    </strong>
     tiles before they fade out.
  </p>
  <p>
    Don't tap the 
    <strong
      class="c2"
    >
      white
    </strong>
     tiles.
  </p>
</div>
`;
